Starting…
Running 'Verilator.Lint' at 'runs/wokwi/01-verilator-lint'…
Logging subprocess to [repr.filename]'runs/wokwi/01-verilator-lint/verilator-lint.log'[/repr.filename]…
Running 'Checker.LintTimingConstructs' at 'runs/wokwi/02-checker-linttimingconstructs'…
Check for Lint Timing Errors clear.
Running 'Checker.LintErrors' at 'runs/wokwi/03-checker-linterrors'…
Check for Lint errors clear.
Running 'Checker.LintWarnings' at 'runs/wokwi/04-checker-lintwarnings'…
6 Lint warnings found.
Running 'Yosys.JsonHeader' at 'runs/wokwi/05-yosys-jsonheader'…
Logging subprocess to [repr.filename]'runs/wokwi/05-yosys-jsonheader/yosys-jsonheader.log'[/repr.filename]…
Running 'Yosys.Synthesis' at 'runs/wokwi/06-yosys-synthesis'…
Logging subprocess to [repr.filename]'runs/wokwi/06-yosys-synthesis/yosys-synthesis.log'[/repr.filename]…
Parsing synthesis checks…
Running 'Checker.YosysUnmappedCells' at 'runs/wokwi/07-checker-yosysunmappedcells'…
Check for Unmapped Yosys instances clear.
Running 'Checker.YosysSynthChecks' at 'runs/wokwi/08-checker-yosyssynthchecks'…
Check for Yosys check errors clear.
Running 'Checker.NetlistAssignStatements' at 'runs/wokwi/09-checker-netlistassignstatements'…
Running 'OpenROAD.CheckSDCFiles' at 'runs/wokwi/10-openroad-checksdcfiles'…
'PNR_SDC_FILE' is not defined. Using generic fallback SDC for OpenROAD PnR steps.
'SIGNOFF_SDC_FILE' is not defined. Using generic fallback SDC for OpenROAD PnR steps.
Running 'OpenROAD.CheckMacroInstances' at 'runs/wokwi/11-openroad-checkmacroinstances'…
No macros found, skipping instance check…
Running 'OpenROAD.STAPrePNR' at 'runs/wokwi/12-openroad-staprepnr'…
Starting STA for the nom_fast_1p32V_m40C timing corner…
Starting STA for the nom_slow_1p08V_125C timing corner…
Starting STA for the nom_typ_1p20V_25C timing corner…
Logging subprocess to [repr.filename]'runs/wokwi/12-openroad-staprepnr/nom_slow_1p08V_125C/sta.log'[/repr.filename]…
Logging subprocess to [repr.filename]'runs/wokwi/12-openroad-staprepnr/nom_fast_1p32V_m40C/sta.log'[/repr.filename]…
Logging subprocess to [repr.filename]'runs/wokwi/12-openroad-staprepnr/nom_typ_1p20V_25C/sta.log'[/repr.filename]…
Finished STA for the nom_typ_1p20V_25C timing corner.
Finished STA for the nom_fast_1p32V_m40C timing corner.
Finished STA for the nom_slow_1p08V_125C timing corner.
Running 'OpenROAD.Floorplan' at 'runs/wokwi/13-openroad-floorplan'…
Logging subprocess to [repr.filename]'runs/wokwi/13-openroad-floorplan/openroad-floorplan.log'[/repr.filename]…
Running 'OpenROAD.DumpRCValues' at 'runs/wokwi/14-openroad-dumprcvalues'…
Logging subprocess to [repr.filename]'runs/wokwi/14-openroad-dumprcvalues/openroad-dumprcvalues.log'[/repr.filename]…
Running 'Odb.CheckMacroAntennaProperties' at 'runs/wokwi/15-odb-checkmacroantennaproperties'…
No cells provided, skipping 'Odb.CheckMacroAntennaProperties'…
Running 'Odb.SetPowerConnections' at 'runs/wokwi/16-odb-setpowerconnections'…
Logging subprocess to [repr.filename]'runs/wokwi/16-odb-setpowerconnections/odb-setpowerconnections.log'[/repr.filename]…
Running 'Odb.ManualMacroPlacement' at 'runs/wokwi/17-odb-manualmacroplacement'…
No instances found, skipping 'Odb.ManualMacroPlacement'…
Running 'OpenROAD.CutRows' at 'runs/wokwi/18-openroad-cutrows'…
Logging subprocess to [repr.filename]'runs/wokwi/18-openroad-cutrows/openroad-cutrows.log'[/repr.filename]…
Running 'OpenROAD.TapEndcapInsertion' at 'runs/wokwi/19-openroad-tapendcapinsertion'…
Logging subprocess to [repr.filename]'runs/wokwi/19-openroad-tapendcapinsertion/openroad-tapendcapinsertion.log'[/repr.filename]…
Running 'Odb.AddPDNObstructions' at 'runs/wokwi/20-odb-addpdnobstructions'…
'PDN_OBSTRUCTIONS' is not defined. Skipping 'Odb.AddPDNObstructions'…
Running 'OpenROAD.GeneratePDN' at 'runs/wokwi/21-openroad-generatepdn'…
'PDN_CFG' not explicitly set, setting it to /nix/store/ffl2vg3m80k0p74pyffnmai83fnv38mf-python3-3.13.9-env/lib/python3.13/site-packages/librelane/scripts/openroad/common/pdn_cfg.tcl…
Logging subprocess to [repr.filename]'runs/wokwi/21-openroad-generatepdn/openroad-generatepdn.log'[/repr.filename]…
Running 'Odb.RemovePDNObstructions' at 'runs/wokwi/22-odb-removepdnobstructions'…
'PDN_OBSTRUCTIONS' is not defined. Skipping 'Odb.RemovePDNObstructions'…
Running 'Odb.AddRoutingObstructions' at 'runs/wokwi/23-odb-addroutingobstructions'…
'ROUTING_OBSTRUCTIONS' is not defined. Skipping 'Odb.AddRoutingObstructions'…
Running 'OpenROAD.GlobalPlacementSkipIO' at 'runs/wokwi/24-openroad-globalplacementskipio'…
I/O pins were loaded from /home/runner/work/CDM_BOOTCAMP_PACMAN/CDM_BOOTCAMP_PACMAN/tt/tech/ihp-sg13g2/def/tt_block_1x1_pgvdd.def. Returning state unaltered…
Running 'OpenROAD.IOPlacement' at 'runs/wokwi/25-openroad-ioplacement'…
I/O pins were loaded from /home/runner/work/CDM_BOOTCAMP_PACMAN/CDM_BOOTCAMP_PACMAN/tt/tech/ihp-sg13g2/def/tt_block_1x1_pgvdd.def. Skipping OpenROAD.IOPlacement…
Running 'Odb.CustomIOPlacement' at 'runs/wokwi/26-odb-customioplacement'…
No custom I/O placement file configured, skipping 'Odb.CustomIOPlacement'…
Running 'Odb.ApplyDEFTemplate' at 'runs/wokwi/27-odb-applydeftemplate'…
Logging subprocess to [repr.filename]'runs/wokwi/27-odb-applydeftemplate/odb-applydeftemplate.log'[/repr.filename]…
Bterm VPWR is declared as a 'POWER' pin. It will be ignored.
Bterm VGND is declared as a 'GROUND' pin. It will be ignored.
Running 'OpenROAD.GlobalPlacement' at 'runs/wokwi/28-openroad-globalplacement'…
Logging subprocess to [repr.filename]'runs/wokwi/28-openroad-globalplacement/openroad-globalplacement.log'[/repr.filename]…
[GPL-0302] Target density 0.8000 is too low for the available free area.
Running 'Odb.WriteVerilogHeader' at 'runs/wokwi/29-odb-writeverilogheader'…
Logging subprocess to [repr.filename]'runs/wokwi/29-odb-writeverilogheader/odb-writeverilogheader.log'[/repr.filename]…
Running 'Checker.PowerGridViolations' at 'runs/wokwi/30-checker-powergridviolations'…
Check for power grid violations (as reported by OpenROAD PSM- you may ignore these if LVS passes) clear.
Running 'OpenROAD.STAMidPNR' at 'runs/wokwi/31-openroad-stamidpnr'…
Logging subprocess to [repr.filename]'runs/wokwi/31-openroad-stamidpnr/openroad-stamidpnr.log'[/repr.filename]…
Running 'OpenROAD.RepairDesignPostGPL' at 'runs/wokwi/32-openroad-repairdesignpostgpl'…
Logging subprocess to [repr.filename]'runs/wokwi/32-openroad-repairdesignpostgpl/openroad-repairdesignpostgpl.log'[/repr.filename]…
Running 'Odb.ManualGlobalPlacement' at 'runs/wokwi/33-odb-manualglobalplacement'…
'MANUAL_GLOBAL_PLACEMENTS' not set. Skipping 'Odb.ManualGlobalPlacement'…
Running 'OpenROAD.DetailedPlacement' at 'runs/wokwi/34-openroad-detailedplacement'…
Logging subprocess to [repr.filename]'runs/wokwi/34-openroad-detailedplacement/openroad-detailedplacement.log'[/repr.filename]…
Running 'OpenROAD.CTS' at 'runs/wokwi/35-openroad-cts'…
Logging subprocess to [repr.filename]'runs/wokwi/35-openroad-cts/openroad-cts.log'[/repr.filename]…
Running 'OpenROAD.STAMidPNR-1' at 'runs/wokwi/36-openroad-stamidpnr-1'…
Logging subprocess to [repr.filename]'runs/wokwi/36-openroad-stamidpnr-1/openroad-stamidpnr-1.log'[/repr.filename]…
Running 'OpenROAD.ResizerTimingPostCTS' at 'runs/wokwi/37-openroad-resizertimingpostcts'…
Logging subprocess to [repr.filename]'runs/wokwi/37-openroad-resizertimingpostcts/openroad-resizertimingpostcts.log'[/repr.filename]…
[DPL-0036] Detailed placement failed.
