[WARNING ORD-0039] .openroad ignored with -python
[WARNING] Bterm VPWR is declared as a 'POWER' pin. It will be ignored.
[WARNING] Bterm VGND is declared as a 'GROUND' pin. It will be ignored.
[INFO ODB-0227] LEF file: /home/runner/.ciel/ciel/ihp-sg13g2/versions/c4b8b4e5e7a05f375cca3815d51b3a37721fbf5c/ihp-sg13g2/libs.ref/sg13g2_stdcell/lef/sg13g2_tech.lef, created 19 layers, 70 vias
[INFO ODB-0227] LEF file: /home/runner/.ciel/ciel/ihp-sg13g2/versions/c4b8b4e5e7a05f375cca3815d51b3a37721fbf5c/ihp-sg13g2/libs.ref/sg13g2_stdcell/lef/sg13g2_stdcell.lef, created 84 library cells
[INFO ODB-0227] LEF file: /home/runner/.ciel/ciel/ihp-sg13g2/versions/c4b8b4e5e7a05f375cca3815d51b3a37721fbf5c/ihp-sg13g2/libs.ref/sg13g2_io/lef/sg13g2_io.lef, created 22 library cells
[INFO ODB-0127] Reading DEF file: /home/runner/work/CDM_BOOTCAMP_PACMAN/CDM_BOOTCAMP_PACMAN/tt/tech/ihp-sg13g2/def/tt_block_1x1_pgvdd.def
[INFO ODB-0128] Design: tt_um_template
[INFO ODB-0130]     Created 43 pins.
[INFO ODB-0132]     Created 2 special nets and 0 connections.
[INFO ODB-0133]     Created 43 nets and 0 connections.
[INFO ODB-0134] Finished DEF file: /home/runner/work/CDM_BOOTCAMP_PACMAN/CDM_BOOTCAMP_PACMAN/tt/tech/ihp-sg13g2/def/tt_block_1x1_pgvdd.def
[INFO ODB-0227] LEF file: /home/runner/.ciel/ciel/ihp-sg13g2/versions/c4b8b4e5e7a05f375cca3815d51b3a37721fbf5c/ihp-sg13g2/libs.ref/sg13g2_stdcell/lef/sg13g2_tech.lef, created 19 layers, 70 vias
[INFO ODB-0227] LEF file: /home/runner/.ciel/ciel/ihp-sg13g2/versions/c4b8b4e5e7a05f375cca3815d51b3a37721fbf5c/ihp-sg13g2/libs.ref/sg13g2_stdcell/lef/sg13g2_stdcell.lef, created 84 library cells
[INFO ODB-0227] LEF file: /home/runner/.ciel/ciel/ihp-sg13g2/versions/c4b8b4e5e7a05f375cca3815d51b3a37721fbf5c/ihp-sg13g2/libs.ref/sg13g2_io/lef/sg13g2_io.lef, created 22 library cells
[INFO ODB-0127] Reading DEF file: /home/runner/work/CDM_BOOTCAMP_PACMAN/CDM_BOOTCAMP_PACMAN/tt/tech/ihp-sg13g2/def/tt_block_1x1_pgvdd.def
[INFO ODB-0128] Design: tt_um_template
[INFO ODB-0130]     Created 43 pins.
[INFO ODB-0132]     Created 2 special nets and 0 connections.
[INFO ODB-0133]     Created 43 nets and 0 connections.
[INFO ODB-0134] Finished DEF file: /home/runner/work/CDM_BOOTCAMP_PACMAN/CDM_BOOTCAMP_PACMAN/tt/tech/ihp-sg13g2/def/tt_block_1x1_pgvdd.def
Using manufacturing grid: 5 Using dbu per mircons: 1000
Found 43 block terminals in existing database...
Found 43 template_bterms…
Wrote pin clk at layer Metal4 at (187050, 153980, 187350, 154980, 'PLACED')...
Wrote pin ena at layer Metal4 at (190890, 153980, 191190, 154980, 'PLACED')...
Wrote pin rst_n at layer Metal4 at (183210, 153980, 183510, 154980, 'PLACED')...
Wrote pin ui_in[0] at layer Metal4 at (179370, 153980, 179670, 154980, 'PLACED')...
Wrote pin ui_in[1] at layer Metal4 at (175530, 153980, 175830, 154980, 'PLACED')...
Wrote pin ui_in[2] at layer Metal4 at (171690, 153980, 171990, 154980, 'PLACED')...
Wrote pin ui_in[3] at layer Metal4 at (167850, 153980, 168150, 154980, 'PLACED')...
Wrote pin ui_in[4] at layer Metal4 at (164010, 153980, 164310, 154980, 'PLACED')...
Wrote pin ui_in[5] at layer Metal4 at (160170, 153980, 160470, 154980, 'PLACED')...
Wrote pin ui_in[6] at layer Metal4 at (156330, 153980, 156630, 154980, 'PLACED')...
Wrote pin ui_in[7] at layer Metal4 at (152490, 153980, 152790, 154980, 'PLACED')...
Wrote pin uio_in[0] at layer Metal4 at (148650, 153980, 148950, 154980, 'PLACED')...
Wrote pin uio_in[1] at layer Metal4 at (144810, 153980, 145110, 154980, 'PLACED')...
Wrote pin uio_in[2] at layer Metal4 at (140970, 153980, 141270, 154980, 'PLACED')...
Wrote pin uio_in[3] at layer Metal4 at (137130, 153980, 137430, 154980, 'PLACED')...
Wrote pin uio_in[4] at layer Metal4 at (133290, 153980, 133590, 154980, 'PLACED')...
Wrote pin uio_in[5] at layer Metal4 at (129450, 153980, 129750, 154980, 'PLACED')...
Wrote pin uio_in[6] at layer Metal4 at (125610, 153980, 125910, 154980, 'PLACED')...
Wrote pin uio_in[7] at layer Metal4 at (121770, 153980, 122070, 154980, 'PLACED')...
Wrote pin uio_oe[0] at layer Metal4 at (56490, 153980, 56790, 154980, 'PLACED')...
Wrote pin uio_oe[1] at layer Metal4 at (52650, 153980, 52950, 154980, 'PLACED')...
Wrote pin uio_oe[2] at layer Metal4 at (48810, 153980, 49110, 154980, 'PLACED')...
Wrote pin uio_oe[3] at layer Metal4 at (44970, 153980, 45270, 154980, 'PLACED')...
Wrote pin uio_oe[4] at layer Metal4 at (41130, 153980, 41430, 154980, 'PLACED')...
Wrote pin uio_oe[5] at layer Metal4 at (37290, 153980, 37590, 154980, 'PLACED')...
Wrote pin uio_oe[6] at layer Metal4 at (33450, 153980, 33750, 154980, 'PLACED')...
Wrote pin uio_oe[7] at layer Metal4 at (29610, 153980, 29910, 154980, 'PLACED')...
Wrote pin uio_out[0] at layer Metal4 at (87210, 153980, 87510, 154980, 'PLACED')...
Wrote pin uio_out[1] at layer Metal4 at (83370, 153980, 83670, 154980, 'PLACED')...
Wrote pin uio_out[2] at layer Metal4 at (79530, 153980, 79830, 154980, 'PLACED')...
Wrote pin uio_out[3] at layer Metal4 at (75690, 153980, 75990, 154980, 'PLACED')...
Wrote pin uio_out[4] at layer Metal4 at (71850, 153980, 72150, 154980, 'PLACED')...
Wrote pin uio_out[5] at layer Metal4 at (68010, 153980, 68310, 154980, 'PLACED')...
Wrote pin uio_out[6] at layer Metal4 at (64170, 153980, 64470, 154980, 'PLACED')...
Wrote pin uio_out[7] at layer Metal4 at (60330, 153980, 60630, 154980, 'PLACED')...
Wrote pin uo_out[0] at layer Metal4 at (117930, 153980, 118230, 154980, 'PLACED')...
Wrote pin uo_out[1] at layer Metal4 at (114090, 153980, 114390, 154980, 'PLACED')...
Wrote pin uo_out[2] at layer Metal4 at (110250, 153980, 110550, 154980, 'PLACED')...
Wrote pin uo_out[3] at layer Metal4 at (106410, 153980, 106710, 154980, 'PLACED')...
Wrote pin uo_out[4] at layer Metal4 at (102570, 153980, 102870, 154980, 'PLACED')...
Wrote pin uo_out[5] at layer Metal4 at (98730, 153980, 99030, 154980, 'PLACED')...
Wrote pin uo_out[6] at layer Metal4 at (94890, 153980, 95190, 154980, 'PLACED')...
Wrote pin uo_out[7] at layer Metal4 at (91050, 153980, 91350, 154980, 'PLACED')...
