Reading timing models for corner nom_typ_1p20V_25C…
Reading timing library for the 'nom_typ_1p20V_25C' corner at '/home/runner/.ciel/ciel/ihp-sg13g2/versions/c4b8b4e5e7a05f375cca3815d51b3a37721fbf5c/ihp-sg13g2/libs.ref/sg13g2_stdcell/lib/sg13g2_stdcell_typ_1p20V_25C.lib'…
Reading timing library for the 'nom_typ_1p20V_25C' corner at '/home/runner/.ciel/ciel/ihp-sg13g2/versions/c4b8b4e5e7a05f375cca3815d51b3a37721fbf5c/ihp-sg13g2/libs.ref/sg13g2_io/lib/sg13g2_io_typ_1p2V_3p3V_25C.lib'…
Reading OpenROAD database at '/home/runner/work/CDM_BOOTCAMP_PACMAN/CDM_BOOTCAMP_PACMAN/runs/wokwi/16-odb-setpowerconnections/tt_um_ezumaex_pacman.odb'…
Reading design constraints file at '/nix/store/ffl2vg3m80k0p74pyffnmai83fnv38mf-python3-3.13.9-env/lib/python3.13/site-packages/librelane/scripts/base.sdc'…
[INFO] Using clock clk…
[INFO] Setting output delay to: 7.944
[INFO] Setting input delay to: 7.944
[INFO] Setting load to: 0.006
[INFO] Setting clock uncertainty to: 0.25
[INFO] Setting clock transition to: 0.15
[INFO] Setting timing derate to: 5%
+ cut_rows -halo_width_x 10 -halo_width_y 10
Setting global connections for newly added cells…
[INFO] Setting global connections...
[INFO ODB-0403] 0 connections made, 0 conflicts skipped.
Updating metrics…
Cell type report:                       Count       Area
  Buffer                                    4      29.03
  Inverter                                 66     359.25
  Sequential cell                         135    6613.49
  Multi-Input combinational cell         1646   16137.27
  Total                                  1851   23139.04
Writing OpenROAD database to '/home/runner/work/CDM_BOOTCAMP_PACMAN/CDM_BOOTCAMP_PACMAN/runs/wokwi/18-openroad-cutrows/tt_um_ezumaex_pacman.odb'…
Writing layout to '/home/runner/work/CDM_BOOTCAMP_PACMAN/CDM_BOOTCAMP_PACMAN/runs/wokwi/18-openroad-cutrows/tt_um_ezumaex_pacman.def'…
