Reading timing models for corner nom_typ_1p20V_25C…
Reading timing library for the 'nom_typ_1p20V_25C' corner at '/home/runner/.ciel/ciel/ihp-sg13g2/versions/c4b8b4e5e7a05f375cca3815d51b3a37721fbf5c/ihp-sg13g2/libs.ref/sg13g2_stdcell/lib/sg13g2_stdcell_typ_1p20V_25C.lib'…
Reading timing library for the 'nom_typ_1p20V_25C' corner at '/home/runner/.ciel/ciel/ihp-sg13g2/versions/c4b8b4e5e7a05f375cca3815d51b3a37721fbf5c/ihp-sg13g2/libs.ref/sg13g2_io/lib/sg13g2_io_typ_1p2V_3p3V_25C.lib'…
Reading technology LEF file at '/home/runner/.ciel/ciel/ihp-sg13g2/versions/c4b8b4e5e7a05f375cca3815d51b3a37721fbf5c/ihp-sg13g2/libs.ref/sg13g2_stdcell/lef/sg13g2_tech.lef'…
[INFO ODB-0227] LEF file: /home/runner/.ciel/ciel/ihp-sg13g2/versions/c4b8b4e5e7a05f375cca3815d51b3a37721fbf5c/ihp-sg13g2/libs.ref/sg13g2_stdcell/lef/sg13g2_tech.lef, created 19 layers, 70 vias
Reading cell LEF file at '/home/runner/.ciel/ciel/ihp-sg13g2/versions/c4b8b4e5e7a05f375cca3815d51b3a37721fbf5c/ihp-sg13g2/libs.ref/sg13g2_stdcell/lef/sg13g2_stdcell.lef'…
[INFO ODB-0227] LEF file: /home/runner/.ciel/ciel/ihp-sg13g2/versions/c4b8b4e5e7a05f375cca3815d51b3a37721fbf5c/ihp-sg13g2/libs.ref/sg13g2_stdcell/lef/sg13g2_stdcell.lef, created 84 library cells
Reading gpio pad LEF file at '/home/runner/.ciel/ciel/ihp-sg13g2/versions/c4b8b4e5e7a05f375cca3815d51b3a37721fbf5c/ihp-sg13g2/libs.ref/sg13g2_io/lef/sg13g2_io.lef'…
[INFO ODB-0227] LEF file: /home/runner/.ciel/ciel/ihp-sg13g2/versions/c4b8b4e5e7a05f375cca3815d51b3a37721fbf5c/ihp-sg13g2/libs.ref/sg13g2_io/lef/sg13g2_io.lef, created 22 library cells
Reading top-level netlist at '/home/runner/work/CDM_BOOTCAMP_PACMAN/CDM_BOOTCAMP_PACMAN/runs/wokwi/06-yosys-synthesis/tt_um_ezumaex_pacman.nl.v'…
Linking design 'tt_um_ezumaex_pacman' from netlist…
Reading design constraints file at '/nix/store/ffl2vg3m80k0p74pyffnmai83fnv38mf-python3-3.13.9-env/lib/python3.13/site-packages/librelane/scripts/base.sdc'…
[INFO] Using clock clk…
[INFO] Setting output delay to: 7.944
[INFO] Setting input delay to: 7.944
[INFO] Setting load to: 0.006
[INFO] Setting clock uncertainty to: 0.25
[INFO] Setting clock transition to: 0.15
[INFO] Setting timing derate to: 5%
Using site height: 3.78 and site width: 0.48…
[INFO] Using absolute sizing for the floorplan.
+ initialize_floorplan -site CoreSite -die_area 0 0 202.08 154.98 -core_area 2.88 3.78 199.20000000000002 151.2
[INFO IFP-0001] Added 39 rows of 409 site CoreSite.
[INFO IFP-0100] Die BBox:  (  0.000  0.000 ) ( 202.080 154.980 ) um
[INFO IFP-0101] Core BBox: (  2.880  3.780 ) ( 199.200 151.200 ) um
[INFO IFP-0102] Core area:                        28941.494 um^2
[INFO IFP-0103] Total instances area:             23139.043 um^2
[INFO IFP-0104] Effective utilization:                0.800
[INFO IFP-0105] Number of instances:                   1851
[INFO IFP-0030] Inserted 0 tiecells using sg13g2_tielo/L_LO.
[INFO IFP-0030] Inserted 0 tiecells using sg13g2_tiehi/L_HI.
[INFO] Extracting DIE_AREA and CORE_AREA from the floorplan
[INFO] Floorplanned on a die area of 0.0 0.0 202.08 154.98 (µm).
[INFO] Floorplanned on a core area of 2.88 3.78 199.2 151.2 (µm).
Writing metric design__die__bbox: 0.0 0.0 202.08 154.98
Writing metric design__core__bbox: 2.88 3.78 199.2 151.2
Setting global connections for newly added cells…
[INFO] Setting global connections...
[INFO ODB-0403] 0 connections made, 0 conflicts skipped.
Updating metrics…
Cell type report:                       Count       Area
  Buffer                                    4      29.03
  Inverter                                 66     359.25
  Sequential cell                         135    6613.49
  Multi-Input combinational cell         1646   16137.27
  Total                                  1851   23139.04
Writing OpenROAD database to '/home/runner/work/CDM_BOOTCAMP_PACMAN/CDM_BOOTCAMP_PACMAN/runs/wokwi/13-openroad-floorplan/tt_um_ezumaex_pacman.odb'…
Writing netlist to '/home/runner/work/CDM_BOOTCAMP_PACMAN/CDM_BOOTCAMP_PACMAN/runs/wokwi/13-openroad-floorplan/tt_um_ezumaex_pacman.nl.v'…
Writing powered netlist to '/home/runner/work/CDM_BOOTCAMP_PACMAN/CDM_BOOTCAMP_PACMAN/runs/wokwi/13-openroad-floorplan/tt_um_ezumaex_pacman.pnl.v'…
Writing layout to '/home/runner/work/CDM_BOOTCAMP_PACMAN/CDM_BOOTCAMP_PACMAN/runs/wokwi/13-openroad-floorplan/tt_um_ezumaex_pacman.def'…
Writing timing constraints to '/home/runner/work/CDM_BOOTCAMP_PACMAN/CDM_BOOTCAMP_PACMAN/runs/wokwi/13-openroad-floorplan/tt_um_ezumaex_pacman.sdc'…
