Reading timing models for corner nom_typ_1p20V_25C…
Reading timing library for the 'nom_typ_1p20V_25C' corner at '/home/runner/.ciel/ciel/ihp-sg13g2/versions/c4b8b4e5e7a05f375cca3815d51b3a37721fbf5c/ihp-sg13g2/libs.ref/sg13g2_stdcell/lib/sg13g2_stdcell_typ_1p20V_25C.lib'…
Reading timing library for the 'nom_typ_1p20V_25C' corner at '/home/runner/.ciel/ciel/ihp-sg13g2/versions/c4b8b4e5e7a05f375cca3815d51b3a37721fbf5c/ihp-sg13g2/libs.ref/sg13g2_io/lib/sg13g2_io_typ_1p2V_3p3V_25C.lib'…
Reading OpenROAD database at '/home/runner/work/CDM_BOOTCAMP_PACMAN/CDM_BOOTCAMP_PACMAN/runs/wokwi/27-odb-applydeftemplate/tt_um_ezumaex_pacman.odb'…
Reading design constraints file at '/nix/store/ffl2vg3m80k0p74pyffnmai83fnv38mf-python3-3.13.9-env/lib/python3.13/site-packages/librelane/scripts/base.sdc'…
[INFO] Using clock clk…
[INFO] Setting output delay to: 7.944
[INFO] Setting input delay to: 7.944
[INFO] Setting load to: 0.006
[INFO] Setting clock uncertainty to: 0.25
[INFO] Setting clock transition to: 0.15
[INFO] Setting timing derate to: 5%
[INFO] Setting signal min routing layer to: Metal2 and clock min routing layer to Metal2. 
[INFO] Setting signal max routing layer to: TopMetal1 and clock max routing layer to TopMetal1. 
+ global_placement -density 0.8 -routability_driven -pad_right 0 -pad_left 0 -init_wirelength_coef 0.25
[INFO GPL-0001] ---- Initialize GPL Main Data Structures
[INFO GPL-0002] DBU: 1000
[INFO GPL-0003] SiteSize: (  0.480  3.780 ) um
[INFO GPL-0004] CoreBBox: (  2.880  3.780 ) ( 199.200 151.200 ) um
[INFO GPL-0036] Movable instances area:      23139.043 um^2
[INFO GPL-0037] Total instances area:        23139.043 um^2
[INFO GPL-0035] Pin density area adjust:      3792.879 um^2
[INFO GPL-0032] ---- Initialize Region: Top-level
[INFO GPL-0006] Number of instances:              1851
[INFO GPL-0007] Movable instances:                1851
[INFO GPL-0008] Fixed instances:                     0
[INFO GPL-0009] Dummy instances:                     0
[INFO GPL-0010] Number of nets:                   1870
[INFO GPL-0011] Number of pins:                   6602
[INFO GPL-0012] Die BBox:  (  0.000  0.000 ) ( 202.080 154.980 ) um
[INFO GPL-0013] Core BBox: (  2.880  3.780 ) ( 199.200 151.200 ) um
[INFO GPL-0016] Core area:                   28941.494 um^2
[INFO GPL-0014] Region name: top-level.
[INFO GPL-0015] Region area:                 28941.494 um^2
[INFO GPL-0017] Fixed instances area:            0.000 um^2
[INFO GPL-0018] Movable instances area:      26931.922 um^2
[INFO GPL-0019] Utilization:                    93.056 %
[INFO GPL-0020] Standard cells area:         26931.922 um^2
[INFO GPL-0021] Large instances area:            0.000 um^2
[INFO GPL-0005] ---- Execute Conjugate Gradient Initial Placement.
[INFO GPL-0051] Source of initial instance position counters:
	Odb location = 0	Core center = 1851	Region center = 0
[InitialPlace]  Iter: 1 conjugate gradient residual: 0.00002002 HPWL: 23346210
[InitialPlace]  Iter: 2 conjugate gradient residual: 0.00000011 HPWL: 17375346
[InitialPlace]  Iter: 3 conjugate gradient residual: 0.00000011 HPWL: 17360181
[InitialPlace]  Iter: 4 conjugate gradient residual: 0.00000012 HPWL: 17379118
[InitialPlace]  Iter: 5 conjugate gradient residual: 0.00000011 HPWL: 17354637
[INFO GPL-0033] ---- Initialize Nesterov Region: Top-level
[WARNING GPL-0302] Target density 0.8000 is too low for the available free area.
Automatically adjusting to uniform density 0.9400.
[INFO GPL-0023] Placement target density:       0.9400
[INFO GPL-0024] Movable insts average area:     14.550 um^2
[INFO GPL-0025] Ideal bin area:                 15.479 um^2
[INFO GPL-0026] Ideal bin count:                  1869
[INFO GPL-0027] Total bin area:              28941.494 um^2
[INFO GPL-0028] Bin count (X, Y):          32 ,     32
[INFO GPL-0029] Bin size (W * H):       6.135 *  4.607 um
[INFO GPL-0030] Number of bins:                   1024
[INFO GPL-0007] ---- Execute Nesterov Global Placement.
[INFO GPL-0031] HPWL: Half-Perimeter Wirelength
Iteration | Overflow |     HPWL (um) |  HPWL(%) |   Penalty | Group
---------------------------------------------------------------
        0 |   0.9885 |  4.414214e+03 |   +0.00% |  3.78e-16 |      
       10 |   0.9842 |  4.443388e+03 |   +0.66% |  6.16e-16 |      
       20 |   0.9834 |  4.500153e+03 |   +1.28% |  1.00e-15 |      
       30 |   0.9830 |  4.526987e+03 |   +0.60% |  1.63e-15 |      
       40 |   0.9829 |  4.526553e+03 |   -0.01% |  2.66e-15 |      
       50 |   0.9827 |  4.522395e+03 |   -0.09% |  4.34e-15 |      
       60 |   0.9828 |  4.521005e+03 |   -0.03% |  7.06e-15 |      
       70 |   0.9827 |  4.523245e+03 |   +0.05% |  1.15e-14 |      
       80 |   0.9826 |  4.523887e+03 |   +0.01% |  1.87e-14 |      
       90 |   0.9825 |  4.523250e+03 |   -0.01% |  3.05e-14 |      
      100 |   0.9823 |  4.525158e+03 |   +0.04% |  4.97e-14 |      
      110 |   0.9821 |  4.534661e+03 |   +0.21% |  8.10e-14 |      
      120 |   0.9819 |  4.556811e+03 |   +0.49% |  1.32e-13 |      
      130 |   0.9788 |  4.603897e+03 |   +1.03% |  2.15e-13 |      
      140 |   0.9772 |  4.692374e+03 |   +1.92% |  3.50e-13 |      
      150 |   0.9766 |  4.828987e+03 |   +2.91% |  5.70e-13 |      
      160 |   0.9750 |  5.044983e+03 |   +4.47% |  9.29e-13 |      
      170 |   0.9700 |  5.474581e+03 |   +8.52% |  1.51e-12 |      
      180 |   0.9651 |  6.321011e+03 |  +15.46% |  2.46e-12 |      
      190 |   0.9517 |  7.453423e+03 |  +17.92% |  4.01e-12 |      
      200 |   0.9389 |  8.448317e+03 |  +13.35% |  6.54e-12 |      
      210 |   0.9299 |  9.530403e+03 |  +12.81% |  1.06e-11 |      
      220 |   0.9102 |  1.104618e+04 |  +15.90% |  1.73e-11 |      
      230 |   0.8860 |  1.262969e+04 |  +14.34% |  2.82e-11 |      
      240 |   0.8585 |  1.408443e+04 |  +11.52% |  4.60e-11 |      
      250 |   0.8257 |  1.551460e+04 |  +10.15% |  7.49e-11 |      
      260 |   0.7928 |  1.697882e+04 |   +9.44% |  1.22e-10 |      
      270 |   0.7563 |  1.852490e+04 |   +9.11% |  1.99e-10 |      
      280 |   0.7165 |  2.003141e+04 |   +8.13% |  3.23e-10 |      
      290 |   0.6715 |  2.171122e+04 |   +8.39% |  5.27e-10 |      
      300 |   0.6250 |  2.319696e+04 |   +6.84% |  8.58e-10 |      
[INFO GPL-0038] Routability snapshot saved at iter = 308
      307 |   0.5972 |  2.419219e+04 |          |           |      
      310 |   0.5795 |  2.469302e+04 |   +6.45% |  1.40e-09 |      
      320 |   0.5320 |  2.607252e+04 |   +5.59% |  2.28e-09 |      
      330 |   0.4781 |  2.728012e+04 |   +4.63% |  3.71e-09 |      
      340 |   0.4333 |  2.833150e+04 |   +3.85% |  6.04e-09 |      
      350 |   0.3897 |  2.933997e+04 |   +3.56% |  9.83e-09 |      
      360 |   0.3349 |  3.009483e+04 |   +2.57% |  1.59e-08 |      
      370 |   0.3071 |  3.076970e+04 |   +2.24% |  2.34e-08 |      
[INFO GPL-0040] Routability iteration: 1
[INFO GPL-0041] Total routing overflow: 0.1018
[INFO GPL-0042] Number of overflowed tiles: 1 (0.17%)
[INFO GPL-0043] Average top 0.5% routing congestion: 0.9362
[INFO GPL-0044] Average top 1.0% routing congestion: 0.8731
[INFO GPL-0045] Average top 2.0% routing congestion: 0.8281
[INFO GPL-0046] Average top 5.0% routing congestion: 0.7817
[INFO GPL-0047] Routability iteration weighted routing congestion: 0.9047
[INFO GPL-0050] Weighted routing congestion is lower than target routing congestion(1.0100), end routability optimization.
[INFO GPL-0090] Routability finished. Target routing congestion achieved succesfully.
Iteration | Overflow |     HPWL (um) |  HPWL(%) |   Penalty | Group
---------------------------------------------------------------
      380 |   0.2706 |  3.128738e+04 |   +1.68% |  3.44e-08 |      
      390 |   0.2385 |  3.168946e+04 |   +1.29% |  5.07e-08 |      
      400 |   0.2164 |  3.197363e+04 |   +0.90% |  7.47e-08 |      
      410 |   0.1889 |  3.232358e+04 |   +1.09% |  1.10e-07 |      
      420 |   0.1608 |  3.249302e+04 |   +0.52% |  1.62e-07 |      
      430 |   0.1379 |  3.267987e+04 |   +0.58% |  2.39e-07 |      
      440 |   0.1196 |  3.291943e+04 |   +0.73% |  3.52e-07 |      
      450 |   0.1004 |  3.311353e+04 |   +0.59% |  5.18e-07 |      
      451 |   0.0984 |  3.313250e+04 |          |  5.60e-07 |      
---------------------------------------------------------------
[INFO GPL-1001] Global placement finished at iteration 451
[INFO GPL-1003] Routability mode iteration count: 65
[INFO GPL-1005] Routability final weighted congestion: 0.8139
[INFO GPL-1002] Placed Cell Area            26931.9223
[INFO GPL-1003] Available Free Area         28941.4944
[INFO GPL-1004] Minimum Feasible Density        0.9400 (cell_area / free_area)
[INFO GPL-1006]   Suggested Target Densities:
[INFO GPL-1007]     - For 90% usage of free space: 1.0340
[INFO GPL-1008]     - For 80% usage of free space: 1.1632
[INFO GPL-1011] Original area (um^2): 26931.92
[INFO GPL-1012] Total routability artificial inflation: 0.00 (+0.00%)
[INFO GPL-1014] Final placement area: 26931.92 (+0.00%)
Setting global connections for newly added cells…
[INFO] Setting global connections...
[INFO ODB-0403] 0 connections made, 0 conflicts skipped.
Updating metrics…
Cell type report:                       Count       Area
  Buffer                                    4      29.03
  Inverter                                 66     359.25
  Sequential cell                         135    6613.49
  Multi-Input combinational cell         1646   16137.27
  Total                                  1851   23139.04
Writing OpenROAD database to '/home/runner/work/CDM_BOOTCAMP_PACMAN/CDM_BOOTCAMP_PACMAN/runs/wokwi/28-openroad-globalplacement/tt_um_ezumaex_pacman.odb'…
Writing netlist to '/home/runner/work/CDM_BOOTCAMP_PACMAN/CDM_BOOTCAMP_PACMAN/runs/wokwi/28-openroad-globalplacement/tt_um_ezumaex_pacman.nl.v'…
Writing powered netlist to '/home/runner/work/CDM_BOOTCAMP_PACMAN/CDM_BOOTCAMP_PACMAN/runs/wokwi/28-openroad-globalplacement/tt_um_ezumaex_pacman.pnl.v'…
Writing layout to '/home/runner/work/CDM_BOOTCAMP_PACMAN/CDM_BOOTCAMP_PACMAN/runs/wokwi/28-openroad-globalplacement/tt_um_ezumaex_pacman.def'…
Writing timing constraints to '/home/runner/work/CDM_BOOTCAMP_PACMAN/CDM_BOOTCAMP_PACMAN/runs/wokwi/28-openroad-globalplacement/tt_um_ezumaex_pacman.sdc'…
